=== MuseScript CORPUS-SEEDED evolution on GraalWasm ===
jvm:  OpenJDK 64-Bit Server VM 25.0.3+9-jvmci-25.1-b19
tape: 8419 bars (SPY daily)
tournament corpus: 560 files, 152 translated to genomes, 408 skipped (outside the closed GP grammar -- onPosition exits, multi-output field access, etc.)
indicator seeds: 124 compatible indicators x 3 windows = 372 genomes
seeded generation 0: 524 real genomes (152 corpus-derived + 372 indicator-derived)
WARNING: A restricted method in java.lang.System has been called
WARNING: java.lang.System::load has been called by com.oracle.truffle.polyglot.JDKSupport in an unnamed module (file:/C:/Users/epiki/.m2/repository/org/graalvm/truffle/truffle-api/25.1.3/truffle-api-25.1.3.jar)
WARNING: Use --enable-native-access=ALL-UNNAMED to avoid a warning for callers in this module
WARNING: Restricted methods will be blocked in a future release unless native access is enabled

assembled 172
gen  0 | popSize=524 new=172 unsupported=336 valid=173 | best=0.5584 mean=0.1895 champion="S05_Ema834" | 92145ms
assembled 31
gen  1 | popSize=64 new=31 unsupported=24 valid=38 | best=0.987 mean=0.2284 champion="S01_Sma813" | 26368ms
assembled 48
gen  2 | popSize=64 new=48 unsupported=7 valid=56 | best=0.987 mean=0.334 champion="S01_Sma813" | 57252ms
assembled 36
gen  3 | popSize=64 new=36 unsupported=15 valid=57 | best=0.987 mean=0.567 champion="S01_Sma813" | 53247ms
assembled 24
gen  4 | popSize=64 new=24 unsupported=30 valid=58 | best=0.987 mean=0.7143 champion="S01_Sma813" | 34448ms
assembled 11
gen  5 | popSize=64 new=11 unsupported=45 valid=54 | best=0.987 mean=0.867 champion="S01_Sma813" | 13312ms
assembled 7
gen  6 | popSize=64 new=7 unsupported=50 valid=57 | best=0.988 mean=0.9272 champion="S05_Ema834" | 9171ms
assembled 4
gen  7 | popSize=64 new=4 unsupported=51 valid=57 | best=0.988 mean=0.9028 champion="S05_Ema834" | 5854ms
assembled 6
gen  8 | popSize=64 new=6 unsupported=48 valid=54 | best=0.988 mean=0.9459 champion="S05_Ema834" | 6874ms
assembled 3
gen  9 | popSize=64 new=3 unsupported=47 valid=58 | best=0.988 mean=0.9595 champion="S05_Ema834" | 5405ms
assembled 3
gen 10 | popSize=64 new=3 unsupported=47 valid=56 | best=0.989 mean=0.9738 champion="S05_Ema834" | 5647ms
assembled 9
gen 11 | popSize=64 new=9 unsupported=46 valid=54 | best=0.989 mean=0.9071 champion="S05_Ema834" | 13604ms
assembled 6
gen 12 | popSize=64 new=6 unsupported=47 valid=57 | best=0.989 mean=0.9141 champion="S05_Ema834" | 6548ms
assembled 5
gen 13 | popSize=64 new=5 unsupported=49 valid=57 | best=0.989 mean=0.9396 champion="S05_Ema834" | 3614ms
assembled 7
gen 14 | popSize=64 new=7 unsupported=43 valid=55 | best=0.99 mean=0.8986 champion="S05_Ema834" | 5972ms
assembled 3
gen 15 | popSize=64 new=3 unsupported=52 valid=55 | best=0.99 mean=0.9539 champion="S05_Ema834" | 3244ms
assembled 8
gen 16 | popSize=64 new=8 unsupported=46 valid=53 | best=0.991 mean=0.9399 champion="S05_Ema834" | 5354ms
assembled 4
gen 17 | popSize=64 new=4 unsupported=49 valid=59 | best=0.991 mean=0.9304 champion="S05_Ema834" | 3243ms
assembled 11
gen 18 | popSize=64 new=11 unsupported=45 valid=55 | best=0.991 mean=0.8014 champion="S05_Ema834" | 6989ms
assembled 9
gen 19 | popSize=64 new=9 unsupported=45 valid=55 | best=0.991 mean=0.8589 champion="S05_Ema834" | 5324ms
assembled 3
gen 20 | popSize=64 new=3 unsupported=49 valid=58 | best=0.991 mean=0.9552 champion="S05_Ema834" | 1648ms
assembled 5
gen 21 | popSize=64 new=5 unsupported=46 valid=54 | best=0.991 mean=0.9215 champion="S05_Ema834" | 3364ms
assembled 6
gen 22 | popSize=64 new=6 unsupported=46 valid=61 | best=0.991 mean=0.9038 champion="S05_Ema834" | 3134ms
assembled 3
gen 23 | popSize=64 new=3 unsupported=49 valid=50 | best=0.991 mean=0.9324 champion="S05_Ema834" | 1679ms
assembled 3
gen 24 | popSize=64 new=3 unsupported=53 valid=53 | best=0.991 mean=0.9423 champion="S05_Ema834" | 1895ms
assembled 4
gen 25 | popSize=64 new=4 unsupported=50 valid=55 | best=0.991 mean=0.943 champion="S05_Ema834" | 3303ms
assembled 3
gen 26 | popSize=64 new=3 unsupported=53 valid=52 | best=0.991 mean=0.9343 champion="S05_Ema834" | 1852ms
assembled 4
gen 27 | popSize=64 new=4 unsupported=51 valid=54 | best=0.991 mean=0.901 champion="S05_Ema834" | 2047ms
assembled 3
gen 28 | popSize=64 new=3 unsupported=50 valid=58 | best=0.991 mean=0.9586 champion="S05_Ema834" | 2153ms
assembled 2
gen 29 | popSize=64 new=2 unsupported=50 valid=51 | best=0.991 mean=0.96 champion="S05_Ema834" | 1770ms
assembled 3
gen 30 | popSize=64 new=3 unsupported=43 valid=60 | best=0.991 mean=0.9414 champion="S05_Ema834" | 2033ms
assembled 1
gen 31 | popSize=64 new=1 unsupported=49 valid=56 | best=0.991 mean=0.9677 champion="S05_Ema834" | 660ms
assembled 4
gen 32 | popSize=64 new=4 unsupported=50 valid=58 | best=0.991 mean=0.9231 champion="S05_Ema834" | 3190ms
gen 33 | popSize=64 new=0 unsupported=47 valid=60 | best=0.991 mean=0.991 champion="S05_Ema834" | 98ms
assembled 1
gen 34 | popSize=64 new=1 unsupported=47 valid=54 | best=0.991 mean=0.9783 champion="S05_Ema834" | 652ms
assembled 4
gen 35 | popSize=64 new=4 unsupported=51 valid=52 | best=0.991 mean=0.9318 champion="S05_Ema834" | 3283ms
assembled 2
gen 36 | popSize=64 new=2 unsupported=47 valid=57 | best=0.991 mean=0.963 champion="S05_Ema834" | 706ms
gen 37 | popSize=64 new=0 unsupported=48 valid=55 | best=0.991 mean=0.991 champion="S05_Ema834" | 104ms
gen 38 | popSize=64 new=0 unsupported=56 valid=52 | best=0.991 mean=0.9909 champion="S05_Ema834" | 111ms
assembled 3
gen 39 | popSize=64 new=3 unsupported=49 valid=61 | best=0.991 mean=0.9512 champion="S05_Ema834" | 1962ms

=== CHAMPION (fitness=0.991, lineage=e446dce7988ccf97 <- 5a1acd6cb85cc3a1 <- 8b04f3ebb06066ea) ===
backend=js(fallback) trades=31 equity=100310 sharpe=0.991 nodeCount=9
{
  @strategy("S05_Ema834")
  @on(bar) {
    if (falling(historical_volatility("close", 21), 8)) long(highest("high", 21));
    if (falling(stdev("volume", 89), 8)) short(highest("high", 21));
    if ((falling(highest("close", 8), 8)) || (falling(highest("close", 8), 8))) flat();
  }
}
total wall: 399.4s  modules compiled: 461

CORPUS_EVO_OK
