=== MuseScript CORPUS-SEEDED evolution on GraalWasm ===
jvm:  OpenJDK 64-Bit Server VM 25.0.3+9-jvmci-25.1-b19
tape: 6909 bars total -> IS 5161 / embargo 21 / OOS 1727
tournament corpus: 560 files, 152 translated to genomes, 408 skipped (outside the closed GP grammar -- onPosition exits, multi-output field access, etc.)
indicator seeds: 124 compatible indicators x 3 windows = 372 genomes
seeded generation 0: 524 real genomes (152 corpus-derived + 372 indicator-derived)
WARNING: A restricted method in java.lang.System has been called
WARNING: java.lang.System::load has been called by com.oracle.truffle.polyglot.JDKSupport in an unnamed module (file:/C:/Users/epiki/.m2/repository/org/graalvm/truffle/truffle-api/25.1.3/truffle-api-25.1.3.jar)
WARNING: Use --enable-native-access=ALL-UNNAMED to avoid a warning for callers in this module
WARNING: Restricted methods will be blocked in a future release unless native access is enabled

assembled 172
gen  0 | popSize=524 new=172 unsupported=336 valid=424 | best=0.7565 mean=0.0664 champion="hma_8_cross" | 67308ms
assembled 27
gen  1 | popSize=128 new=27 unsupported=85 valid=122 | best=0.7565 mean=0.1264 champion="hma_8_cross" | 19298ms
assembled 15
gen  2 | popSize=128 new=15 unsupported=93 valid=126 | best=0.7565 mean=0.1993 champion="hma_8_cross" | 11334ms
assembled 14
gen  3 | popSize=128 new=14 unsupported=96 valid=122 | best=0.7565 mean=0.223 champion="hma_8_cross" | 13867ms
assembled 11
gen  4 | popSize=128 new=11 unsupported=95 valid=120 | best=0.7565 mean=0.2517 champion="hma_8_cross" | 10841ms
assembled 6
gen  5 | popSize=128 new=6 unsupported=95 valid=126 | best=0.7565 mean=0.266 champion="hma_8_cross" | 7977ms
assembled 4
gen  6 | popSize=128 new=4 unsupported=97 valid=124 | best=0.7565 mean=0.2703 champion="hma_8_cross" | 5768ms
assembled 5
gen  7 | popSize=128 new=5 unsupported=92 valid=121 | best=0.7565 mean=0.2718 champion="hma_8_cross" | 5685ms
gen  8 | popSize=128 new=0 unsupported=89 valid=121 | best=0.7565 mean=0.2125 champion="hma_8_cross" | 4262ms
gen  9 | popSize=128 new=0 unsupported=91 valid=123 | best=0.7565 mean=0.2649 champion="hma_8_cross" | 2273ms
gen 10 | popSize=128 new=0 unsupported=89 valid=120 | best=0.7565 mean=0.2428 champion="hma_8_cross" | 2183ms
gen 11 | popSize=128 new=0 unsupported=84 valid=120 | best=0.7565 mean=0.3013 champion="hma_8_cross" | 2234ms
assembled 1
gen 12 | popSize=128 new=1 unsupported=77 valid=121 | best=0.7902 mean=0.3597 champion="hma_8_cross" | 3999ms
assembled 1
gen 13 | popSize=128 new=1 unsupported=65 valid=118 | best=0.7902 mean=0.3793 champion="hma_8_cross" | 2889ms
gen 14 | popSize=128 new=0 unsupported=74 valid=114 | best=0.7902 mean=0.3378 champion="hma_8_cross" | 2089ms
gen 15 | popSize=128 new=0 unsupported=69 valid=113 | best=0.7903 mean=0.3971 champion="hma_8_cross" | 1945ms
gen 16 | popSize=128 new=0 unsupported=71 valid=120 | best=0.7903 mean=0.4186 champion="hma_8_cross" | 1972ms
gen 17 | popSize=128 new=0 unsupported=71 valid=124 | best=0.7903 mean=0.4124 champion="hma_8_cross" | 2026ms
gen 18 | popSize=128 new=0 unsupported=68 valid=122 | best=0.7903 mean=0.3934 champion="hma_8_cross" | 2035ms
gen 19 | popSize=128 new=0 unsupported=75 valid=123 | best=0.7903 mean=0.3362 champion="hma_8_cross" | 2071ms
gen 20 | popSize=128 new=0 unsupported=61 valid=122 | best=0.7903 mean=0.3492 champion="hma_8_cross" | 2166ms
gen 21 | popSize=128 new=0 unsupported=63 valid=124 | best=0.7903 mean=0.3301 champion="hma_8_cross" | 2251ms
gen 22 | popSize=128 new=0 unsupported=57 valid=125 | best=0.7903 mean=0.3025 champion="hma_8_cross" | 2238ms
gen 23 | popSize=128 new=0 unsupported=64 valid=127 | best=0.7903 mean=0.296 champion="hma_8_cross" | 2425ms
gen 24 | popSize=128 new=0 unsupported=62 valid=125 | best=0.7903 mean=0.356 champion="hma_8_cross" | 2300ms
gen 25 | popSize=128 new=0 unsupported=64 valid=122 | best=0.7918 mean=0.3707 champion="hma_8_cross" | 2171ms
gen 26 | popSize=128 new=0 unsupported=57 valid=125 | best=0.7918 mean=0.3998 champion="hma_8_cross" | 2176ms
gen 27 | popSize=128 new=0 unsupported=44 valid=126 | best=0.7918 mean=0.3856 champion="hma_8_cross" | 2164ms
gen 28 | popSize=128 new=0 unsupported=51 valid=124 | best=0.7918 mean=0.3786 champion="hma_8_cross" | 2278ms
gen 29 | popSize=128 new=0 unsupported=55 valid=125 | best=0.7918 mean=0.3654 champion="hma_8_cross" | 2232ms
gen 30 | popSize=128 new=0 unsupported=54 valid=124 | best=0.7918 mean=0.3353 champion="hma_8_cross" | 2132ms
gen 31 | popSize=128 new=0 unsupported=53 valid=125 | best=0.7918 mean=0.395 champion="hma_8_cross" | 2209ms
gen 32 | popSize=128 new=0 unsupported=57 valid=125 | best=0.7918 mean=0.3648 champion="hma_8_cross" | 2204ms
gen 33 | popSize=128 new=0 unsupported=56 valid=126 | best=0.7918 mean=0.3388 champion="hma_8_cross" | 2413ms
gen 34 | popSize=128 new=0 unsupported=63 valid=125 | best=0.7918 mean=0.3022 champion="hma_8_cross" | 2276ms
assembled 1
gen 35 | popSize=128 new=1 unsupported=61 valid=125 | best=0.7918 mean=0.3129 champion="hma_8_cross" | 3924ms
gen 36 | popSize=128 new=0 unsupported=54 valid=125 | best=0.7918 mean=0.3024 champion="hma_8_cross" | 2198ms
gen 37 | popSize=128 new=0 unsupported=54 valid=124 | best=0.7918 mean=0.3062 champion="hma_8_cross" | 2245ms
gen 38 | popSize=128 new=0 unsupported=48 valid=122 | best=0.7918 mean=0.3562 champion="hma_8_cross" | 2151ms
gen 39 | popSize=128 new=0 unsupported=48 valid=126 | best=0.7918 mean=0.3417 champion="hma_8_cross" | 2301ms
gen 40 | popSize=128 new=0 unsupported=47 valid=124 | best=0.7918 mean=0.353 champion="hma_8_cross" | 2249ms
gen 41 | popSize=128 new=0 unsupported=53 valid=127 | best=0.7918 mean=0.3482 champion="hma_8_cross" | 2289ms
gen 42 | popSize=128 new=0 unsupported=58 valid=125 | best=0.7918 mean=0.3245 champion="hma_8_cross" | 2264ms
gen 43 | popSize=128 new=0 unsupported=46 valid=128 | best=0.7918 mean=0.3193 champion="hma_8_cross" | 2154ms
gen 44 | popSize=128 new=0 unsupported=56 valid=128 | best=0.7918 mean=0.341 champion="hma_8_cross" | 2219ms
gen 45 | popSize=128 new=0 unsupported=44 valid=127 | best=0.7918 mean=0.3782 champion="hma_8_cross" | 2223ms
gen 46 | popSize=128 new=0 unsupported=45 valid=126 | best=0.7918 mean=0.3298 champion="hma_8_cross" | 2183ms
gen 47 | popSize=128 new=0 unsupported=52 valid=127 | best=0.7918 mean=0.3605 champion="hma_8_cross" | 2247ms
gen 48 | popSize=128 new=0 unsupported=50 valid=123 | best=0.7918 mean=0.3553 champion="hma_8_cross" | 2282ms
gen 49 | popSize=128 new=0 unsupported=47 valid=127 | best=0.7918 mean=0.3249 champion="hma_8_cross" | 2329ms
gen 50 | popSize=128 new=0 unsupported=43 valid=127 | best=0.7918 mean=0.326 champion="hma_8_cross" | 2213ms
gen 51 | popSize=128 new=0 unsupported=43 valid=124 | best=0.7918 mean=0.3826 champion="hma_8_cross" | 2178ms
gen 52 | popSize=128 new=0 unsupported=41 valid=128 | best=0.7918 mean=0.3388 champion="hma_8_cross" | 2267ms
gen 53 | popSize=128 new=0 unsupported=40 valid=126 | best=0.7918 mean=0.3291 champion="hma_8_cross" | 2279ms
gen 54 | popSize=128 new=0 unsupported=54 valid=124 | best=0.7918 mean=0.3576 champion="hma_8_cross" | 2294ms
assembled 1
gen 55 | popSize=128 new=1 unsupported=54 valid=126 | best=0.7918 mean=0.3881 champion="hma_8_cross" | 3258ms
gen 56 | popSize=128 new=0 unsupported=60 valid=125 | best=0.7918 mean=0.3455 champion="hma_8_cross" | 2176ms
gen 57 | popSize=128 new=0 unsupported=61 valid=126 | best=0.7918 mean=0.3561 champion="hma_8_cross" | 2177ms
gen 58 | popSize=128 new=0 unsupported=59 valid=127 | best=0.7918 mean=0.3489 champion="hma_8_cross" | 2220ms
gen 59 | popSize=128 new=0 unsupported=63 valid=124 | best=0.7918 mean=0.3907 champion="hma_8_cross" | 2145ms

=== CHAMPION (fitness=0.7918, lineage=e05d2fb2e4c49250 <- e05d2fb2e4c49250 <- e05d2fb2e4c49250) ===
backend=js(fallback) trades=2300 equity=100006.93 sharpe=0.7918 nodeCount=13
{
  @strategy("hma_8_cross")
  @on(bar) {
    if (crossover("close", hma("close", 8))) long(1.7002799999999998);
    if (crossunder(rma("high", 34), trend_label("close", 8))) short(1.7002799999999998);
    if ((crossunder("close", hma("close", 8))) || (crossover("close", hma("close", 8)))) flat();
  }
}
total wall: 264.3s  modules compiled: 258

=== OOS RE-SCORE (top 10 by IS fitness, held-out 1727-bar tail) ===
   1. IS=0.7918  OOS=0.2908 (trades=616)  [HELD]  hma_8_cross
   2. IS=0.7918  OOS=0.2908 (trades=616)  [HELD]  hma_8_cross
   3. IS=0.7903  OOS=0.2908 (trades=616)  [HELD]  hma_8_cross
   4. IS=0.7903  OOS=0.2908 (trades=616)  [HELD]  hma_8_cross
   5. IS=0.7903  OOS=0.2908 (trades=616)  [HELD]  hma_8_cross
   6. IS=0.7903  OOS=0.2908 (trades=616)  [HELD]  hma_8_cross
   7. IS=0.7565  OOS=0.2908 (trades=616)  [HELD]  hma_8_cross
   8. IS=0.7565  OOS=0.2908 (trades=616)  [HELD]  hma_8_cross
   9. IS=0.7565  OOS=0.2908 (trades=1232)  [HELD]  hma_8_cross
  10. IS=0.7565  OOS=0.2908 (trades=616)  [HELD]  hma_8_cross
OOS summary: 10/10 of the top IS performers held a positive Sharpe out of sample.

CORPUS_EVO_OK
